[launcher] run id              : 20260925-0700
[launcher] provenance          : # run_id=20260925-0700 git=55723c4 jvm=26.0.1 heap=24g host=ThaiTMs-MacBook-Pro.local tree=clean data=51a0304d3d57 cmd=--exp 3 --timeout 90 --dataset syn_c8t1s5i8n5k --algo EHAUSM-R --repeats 1 --mem-mode live --results-dir results-probe/heap-histogram-syn/mem_EHAUSM_R
[launcher] experiments to run  : [3]
[launcher] repeats per config   : 1
[launcher] results directory   : results-probe/heap-histogram-syn/mem_EHAUSM_R
[launcher] dataset filter       : [syn_c8t1s5i8n5k]
[launcher] arm filter           : [EHAUSM-R]
[launcher] timeout override     : 90 min
[launcher] memory mode          : live (forced full GC every 1000 ms; runtimes of this run are NOT timing measurements)

------------------------------------------------------------
 Experiment 3: Scalability
 Datasets   : [syn_c8t1s5i8n5k]
 Algorithms : [EHAUSM-R]
 Output     : results-probe/heap-histogram-syn/mem_EHAUSM_R/exp3/experiment3_scalability.csv
------------------------------------------------------------

[exp3] starting scalability

[exp3] dataset=C8T1S5I8N5K
  delta=0.05
      [EHAUSM-R] OK
  delta=0.1
      [EHAUSM-R] OK
  delta=0.15
      [EHAUSM-R] OK
  delta=0.2
      [EHAUSM-R] OK

[exp3] done

[launcher] All requested experiments finished.
